1. Кнопки серые по умолчанию. В макете белые - https://monosnap.com/file/JsuCbBY67AF1WieBbQZAHnxXscafEv
2. Зачем кнопкам блочное отображение?
3. В шапке меню сделать через nav и ul li
4. https://monosnap.com/file/3YUKvFfD1caWI30GTmI6jYpLESSAKK - округлить до двух знаков
5. Блоки по 300 пикселей, а input больше блоков - 304px
6. (не ошибка)
/**
     * Добавить обработчик событий при выборе действия с валютой валюты
     */
     Функция отвечает на вопрос "Что делает"? Добавляет обработчик...возвращает список пользователей и при
     
